.\gradlew : 
No linha:1 caractere:1
+ .\gradlew assembleDebug --quiet 2>&1 | tee 
build_output.txt
+ ~~~~~~~~~~~~~~~~~~~~~~~~~~~~~~~~~~~~
    + CategoryInfo          : NotSpecified:  
   (:String) [], RemoteException
    + FullyQualifiedErrorId : NativeCommandE 
   rror
 
FAILURE: Build failed with an exception.

* What went wrong:
Could not resolve all artifacts for 
configuration 'classpath'.
> Could not resolve 
com.google.code.gson:gson:2.10.1.
  Required by:
      unspecified:unspecified:unspecified > o
rg.gradle.toolchains.foojay-resolver-conventi
on:org.gradle.toolchains.foojay-resolver-conv
ention.gradle.plugin:0.8.0 > 
org.gradle.toolchains:foojay-resolver:0.8.0
   > Could not resolve 
com.google.code.gson:gson:2.10.1.
      > Could not get resource 'https://repo.
maven.apache.org/maven2/com/google/code/gson/
gson/2.10.1/gson-2.10.1.pom'.
         > Could not GET 'https://repo.maven.
apache.org/maven2/com/google/code/gson/gson/2
.10.1/gson-2.10.1.pom'.
            > Got SSL handshake exception 
during request. It might be caused by SSL 
misconfiguration
               > 
sun.security.validator.ValidatorException: 
PKIX path building failed: sun.security.provi
der.certpath.SunCertPathBuilderException: 
unable to find valid certification path to 
requested target
   > Could not resolve 
com.google.code.gson:gson:2.10.1.
      > Could not get resource 'https://plugi
ns.gradle.org/m2/com/google/code/gson/gson/2.
10.1/gson-2.10.1.pom'.
         > Could not GET 'https://repo.maven.
apache.org/maven2/com/google/code/gson/gson/2
.10.1/gson-2.10.1.pom'.
            > 
sun.security.validator.ValidatorException: 
PKIX path building failed: sun.security.provi
der.certpath.SunCertPathBuilderException: 
unable to find valid certification path to 
requested target

* Try:
> Run with --stacktrace option to get the 
stack trace.
> Run with --info or --debug option to get 
more log output.
> Run with --scan to get full insights.
> Get more help at https://help.gradle.org.

BUILD FAILED in 11s
